// Jest Snapshot v1, https://goo.gl/fbAQLP

exports[`Test in component <MultipleCustomHook /> 1.Must do render the component MultipleCustomHook. 1`] = `
<div>
  <h1>
     Breaking bad quotes TypeScript
  </h1>
  <hr />
  <div
    className="alert alert-info text-center"
  >
    Loading...
  </div>
  <button
    className="btn btn-primary m-2"
    onClick={[Function]}
  >
    prev quote
  </button>
  <button
    className="btn btn-primary"
    onClick={[Function]}
  >
    Next quote
  </button>
</div>
`;
